Assuming unrestricted shared filesystem usage.
None
host: mac.lan
Building DAG of jobs...
Using shell: /bin/bash
Provided cores: 2
Rules claiming more threads will be scaled down.
Singularity containers: ignored
Job stats:
job               count
--------------  -------
all                   1
fastqc_trimmed        1
trimmomatic           1
total                 3

Select jobs to execute...
Execute 1 jobs...
[Thu May  1 00:26:05 2025]
localrule trimmomatic:
    input: data/sample1_R1.fastq.gz, data/sample1_R2.fastq.gz
    output: results/sample1_R1_trimmed.fastq.gz, results/sample1_R2_trimmed.fastq.gz
    jobid: 2
    reason: Missing output files: results/sample1_R2_trimmed.fastq.gz, results/sample1_R1_trimmed.fastq.gz; Code has changed since last execution
    wildcards: sample=sample1
    resources: tmpdir=/var/folders/52/7syr_dm50xq2drfxlzfjx4hw0000gn/T

RuleException:
CalledProcessError in file "/Users/manishkumar/Desktop/snakemake_worflow/exome_pipeline/Snakefile", line 33:
Command 'set -euo pipefail;  
        mkdir -p results
        trimmomatic PE -phred33             data/sample1_R1.fastq.gz data/sample1_R2.fastq.gz             results/sample1_R1_trimmed.fastq.gz /dev/null             results/sample1_R2_trimmed.fastq.gz /dev/null             ILLUMINACLIP:adapters/TruSeq3-PE.fa:2:30:10             LEADING:3 TRAILING:3 SLIDINGWINDOW:4:15 MINLEN:36' returned non-zero exit status 127.
[Thu May  1 00:26:05 2025]
Error in rule trimmomatic:
    message: None
    jobid: 2
    input: data/sample1_R1.fastq.gz, data/sample1_R2.fastq.gz
    output: results/sample1_R1_trimmed.fastq.gz, results/sample1_R2_trimmed.fastq.gz
    shell:
        
        mkdir -p results
        trimmomatic PE -phred33             data/sample1_R1.fastq.gz data/sample1_R2.fastq.gz             results/sample1_R1_trimmed.fastq.gz /dev/null             results/sample1_R2_trimmed.fastq.gz /dev/null             ILLUMINACLIP:adapters/TruSeq3-PE.fa:2:30:10             LEADING:3 TRAILING:3 SLIDINGWINDOW:4:15 MINLEN:36
        
        (command exited with non-zero exit code)
Shutting down, this might take some time.
Exiting because a job execution failed. Look below for error messages
[Thu May  1 00:26:05 2025]
Error in rule trimmomatic:
    message: None
    jobid: 2
    input: data/sample1_R1.fastq.gz, data/sample1_R2.fastq.gz
    output: results/sample1_R1_trimmed.fastq.gz, results/sample1_R2_trimmed.fastq.gz
    shell:
        
        mkdir -p results
        trimmomatic PE -phred33             data/sample1_R1.fastq.gz data/sample1_R2.fastq.gz             results/sample1_R1_trimmed.fastq.gz /dev/null             results/sample1_R2_trimmed.fastq.gz /dev/null             ILLUMINACLIP:adapters/TruSeq3-PE.fa:2:30:10             LEADING:3 TRAILING:3 SLIDINGWINDOW:4:15 MINLEN:36
        
        (command exited with non-zero exit code)
Complete log(s): /Users/manishkumar/Desktop/snakemake_worflow/exome_pipeline/.snakemake/log/2025-05-01T002605.766835.snakemake.log
WorkflowError:
At least one job did not complete successfully.
